Archive member included to satisfy reference by file (symbol)

/usr/bin/../lib/gcc/arm-none-eabi/7.3.1/thumb/v7-m/libgcc.a(_aeabi_ldivmod.o)
                              OLED.o (__aeabi_ldivmod)
/usr/bin/../lib/gcc/arm-none-eabi/7.3.1/thumb/v7-m/libgcc.a(_aeabi_uldivmod.o)
                              OLED.o (__aeabi_uldivmod)
/usr/bin/../lib/gcc/arm-none-eabi/7.3.1/thumb/v7-m/libgcc.a(_udivmoddi4.o)
                              /usr/bin/../lib/gcc/arm-none-eabi/7.3.1/thumb/v7-m/libgcc.a(_aeabi_ldivmod.o) (__udivmoddi4)
/usr/bin/../lib/gcc/arm-none-eabi/7.3.1/thumb/v7-m/libgcc.a(_dvmd_tls.o)
                              /usr/bin/../lib/gcc/arm-none-eabi/7.3.1/thumb/v7-m/libgcc.a(_aeabi_ldivmod.o) (__aeabi_ldiv0)

Allocating common symbols
Common symbol       size              file

__dso_handle        0x4               bmptk_cortex.o

Discarded input sections

 .group         0x0000000000000000        0xc gameControl.o
 .text          0x0000000000000000        0x0 gameControl.o
 .data          0x0000000000000000        0x0 gameControl.o
 .bss           0x0000000000000000        0x0 gameControl.o
 .text._ZN3due11ad_pin_infoENS_7ad_pinsE
                0x0000000000000000       0x1c gameControl.o
 .text._ZN3due11ad_seq_infoEm
                0x0000000000000000       0x20 gameControl.o
 .text._ZN5hwlib19uart_char_availableEv
                0x0000000000000000        0x4 gameControl.o
 .text._ZN5hwlib9uart_getcEv
                0x0000000000000000        0x4 gameControl.o
 .rodata._ZZN3due11ad_pin_infoENS_7ad_pinsEE17ad_pin_info_array
                0x0000000000000000        0xc gameControl.o
 .rodata._ZZN3due11ad_seq_infoEmE12ad_seq_array
                0x0000000000000000       0x70 gameControl.o
 .group         0x0000000000000000        0xc parameterControl.o
 .text          0x0000000000000000        0x0 parameterControl.o
 .data          0x0000000000000000        0x0 parameterControl.o
 .bss           0x0000000000000000        0x0 parameterControl.o
 .text._ZN6sam3xa10SystemInitEv
                0x0000000000000000       0x7c parameterControl.o
 .text._ZN3due8pin_infoENS_4pinsE
                0x0000000000000000       0x20 parameterControl.o
 .text._ZN3due11ad_pin_infoENS_7ad_pinsE
                0x0000000000000000       0x1c parameterControl.o
 .text._ZN3due11ad_seq_infoEm
                0x0000000000000000       0x20 parameterControl.o
 .text._ZN3due14port_registersEm
                0x0000000000000000       0x54 parameterControl.o
 .text._ZN3due12ticks_per_usEv
                0x0000000000000000        0x6 parameterControl.o
 .text._ZN3due9now_ticksEv
                0x0000000000000000       0x80 parameterControl.o
 .text._ZN5hwlib9uart_putcEc
                0x0000000000000000        0x4 parameterControl.o
 .text._ZN5hwlib19uart_char_availableEv
                0x0000000000000000        0x4 parameterControl.o
 .text._ZN5hwlib9uart_getcEv
                0x0000000000000000        0x4 parameterControl.o
 .bss._ZZN3due9now_ticksEvE4high
                0x0000000000000000        0x8 parameterControl.o
 .bss._ZZN3due9now_ticksEvE8last_low
                0x0000000000000000        0x4 parameterControl.o
 .bss._ZZN3due9now_ticksEvE9init_done
                0x0000000000000000        0x1 parameterControl.o
 .data._ZN6sam3xa15SystemCoreClockE
                0x0000000000000000        0x4 parameterControl.o
 .rodata._ZN3due8pin_infoENS_4pinsE.str1.1
                0x0000000000000000       0x33 parameterControl.o
 .rodata._ZZN3due11ad_pin_infoENS_7ad_pinsEE17ad_pin_info_array
                0x0000000000000000        0xc parameterControl.o
 .rodata._ZZN3due11ad_seq_infoEmE12ad_seq_array
                0x0000000000000000       0x70 parameterControl.o
 .rodata._ZZN3due8pin_infoENS_4pinsEE14pin_info_array
                0x0000000000000000       0xa4 parameterControl.o
 .group         0x0000000000000000        0xc ir_Decoder.o
 .text          0x0000000000000000        0x0 ir_Decoder.o
 .data          0x0000000000000000        0x0 ir_Decoder.o
 .bss           0x0000000000000000        0x0 ir_Decoder.o
 .text._ZN6sam3xa10SystemInitEv
                0x0000000000000000       0x7c ir_Decoder.o
 .text._ZN3due8pin_infoENS_4pinsE
                0x0000000000000000       0x20 ir_Decoder.o
 .text._ZN3due11ad_pin_infoENS_7ad_pinsE
                0x0000000000000000       0x1c ir_Decoder.o
 .text._ZN3due11ad_seq_infoEm
                0x0000000000000000       0x20 ir_Decoder.o
 .text._ZN3due14port_registersEm
                0x0000000000000000       0x54 ir_Decoder.o
 .text._ZN3due12ticks_per_usEv
                0x0000000000000000        0x6 ir_Decoder.o
 .text._ZN3due9now_ticksEv
                0x0000000000000000       0x80 ir_Decoder.o
 .text._ZN5hwlib9uart_putcEc
                0x0000000000000000        0x4 ir_Decoder.o
 .text._ZN5hwlib19uart_char_availableEv
                0x0000000000000000        0x4 ir_Decoder.o
 .text._ZN5hwlib9uart_getcEv
                0x0000000000000000        0x4 ir_Decoder.o
[...]
Memory Configuration

Name             Origin             Length             Attributes
rom              0x0000000000000000 0x0000000000080000 xr
ram              0x0000000020000000 0x0000000000018000 xrw
nul              0x0000000020018000 0x0000000000000000 xrw
*default*        0x0000000000000000 0xffffffffffffffff

Linker script and memory map

LOAD /usr/bin/../lib/gcc/arm-none-eabi/7.3.1/thumb/v7-m/libgcc.a
LOAD gameControl.o
LOAD parameterControl.o
LOAD ir_Decoder.o
LOAD ir_Receiver.o
LOAD ir_Encoder.o
LOAD ir_Led.o
LOAD keypad.o
LOAD OLED.o
LOAD trigger.o
LOAD gameInfoEntity.o
LOAD switch_to.o
LOAD coroutine.o
LOAD rtos.o
LOAD hwlib.o
LOAD main.o
LOAD bmptk_cortex.o
LOAD bmptk_heap_bmptk.o
LOAD bmptk_fixed_size_stack.o
LOAD /usr/bin/../lib/gcc/arm-none-eabi/7.3.1/../../../../arm-none-eabi/lib/thumb/v7-m/libm.a
LOAD /usr/bin/../lib/gcc/arm-none-eabi/7.3.1/thumb/v7-m/libgcc.a
LOAD /usr/bin/../lib/gcc/arm-none-eabi/7.3.1/../../../../arm-none-eabi/lib/thumb/v7-m/libc.a
                0x0000000000000000                __rom_start = ORIGIN (rom)
                0x0000000000080000                __rom_size = LENGTH (rom)
                0x0000000000080000                __rom_end = (__rom_start + __rom_size)
                0x0000000020000000                __ram_start = ORIGIN (ram)
                0x0000000000018000                __ram_size = LENGTH (ram)
                0x0000000020018000                __ram_end = (__ram_start + __ram_size)
                [!provide]                        PROVIDE (__rom_start = __rom_start)
                [!provide]                        PROVIDE (__rom_size = __rom_size)
                [!provide]                        PROVIDE (__rom_end = __rom_end)
                [!provide]                        PROVIDE (__ram_start = __ram_start)
                [!provide]                        PROVIDE (__ram_size = __ram_size)
                [!provide]                        PROVIDE (__ram_end = __ram_end)

.text           0x0000000000000000     0x4af0
                0x0000000000000000                . = ALIGN (0x4)
                0x0000000000000000                __text_start = .
                [!provide]                        PROVIDE (__text_start = __text_start)
                0x0000000000000000                . = ALIGN (0x4)
 *(.vectors)
 .vectors       0x0000000000000000       0x20 bmptk_cortex.o
                0x0000000000000000                __vectors
                0x0000000000000020                . = ALIGN (0x4)
 *(.text .text.* .gnu.linkonce.t.*)
 .text._ZN6sam3xa10SystemInitEv
                0x0000000000000020       0x7c gameControl.o
                0x0000000000000020                sam3xa::SystemInit()
 .text._ZN3due8pin_infoENS_4pinsE
                0x000000000000009c       0x20 gameControl.o
                0x000000000000009c                due::pin_info(due::pins)
 .text._ZN3due14port_registersEm
                0x00000000000000bc       0x54 gameControl.o
                0x00000000000000bc                due::port_registers(unsigned long)
 .text._ZN3due12ticks_per_usEv
                0x0000000000000110        0x6 gameControl.o
                0x0000000000000110                due::ticks_per_us()
 *fill*         0x0000000000000116        0x2 
 .text._ZN3due9now_ticksEv
                0x0000000000000118       0x80 gameControl.o
                0x0000000000000118                due::now_ticks()
 .text._ZN5hwlib9uart_putcEc
                0x0000000000000198        0x4 gameControl.o
                0x0000000000000198                hwlib::uart_putc(char)
 .text._ZN11gameControlC2ER10ir_EncoderR4OLEDR7triggerR14gameInfoEntity
                0x000000000000019c       0xd8 gameControl.o
                0x000000000000019c                gameControl::gameControl(ir_Encoder&, OLED&, trigger&, gameInfoEntity&)
                0x000000000000019c                gameControl::gameControl(ir_Encoder&, OLED&, trigger&, gameInfoEntity&)
 .text._ZN11gameControl11sendMessageEjj
                0x0000000000000274       0x16 gameControl.o
                0x0000000000000274                gameControl::sendMessage(unsigned int, unsigned int)
 .text._ZN11gameControl11calculateHPEv
                0x000000000000028a       0x26 gameControl.o
                0x000000000000028a                gameControl::calculateHP()
 .text.startup._ZN11gameControl4mainEv
                0x00000000000002b0      0x1b0 gameControl.o
                0x00000000000002b0                gameControl::main()
 .text._ZN11gameControl9startGameEv
                0x0000000000000460        0xa gameControl.o
                0x0000000000000460                gameControl::startGame()
 *fill*         0x000000000000046a        0x2 
 .text.startup._ZN16parameterControl4mainEv
                0x000000000000046c       0x68 parameterControl.o
                0x000000000000046c                parameterControl::main()
 .text._ZN16parameterControlC2ER11gameControlR14gameInfoEntity
                0x00000000000004d4       0x68 parameterControl.o
                0x00000000000004d4                parameterControl::parameterControl(gameControl&, gameInfoEntity&)
                0x00000000000004d4                parameterControl::parameterControl(gameControl&, gameInfoEntity&)
 .text._ZN16parameterControl11sendMessageEj
                0x000000000000053c       0x16 parameterControl.o
                0x000000000000053c                parameterControl::sendMessage(unsigned int)
 .text._ZN16parameterControl13setPlayerInfoEjj
                0x0000000000000552       0x1c parameterControl.o
                0x0000000000000552                parameterControl::setPlayerInfo(unsigned int, unsigned int)
 *fill*         0x000000000000056e        0x2 
 .text._ZN10ir_DecoderC2ER16parameterControlR11gameControlR11ir_Receiver
                0x0000000000000570       0x8c ir_Decoder.o
                0x0000000000000570                ir_Decoder::ir_Decoder(parameterControl&, gameControl&, ir_Receiver&)
                0x0000000000000570                ir_Decoder::ir_Decoder(parameterControl&, gameControl&, ir_Receiver&)
 .text._ZN10ir_Decoder14pauze_detectieEj
                0x00000000000005fc       0x22 ir_Decoder.o
                0x00000000000005fc                ir_Decoder::pauze_detectie(unsigned int)
 *fill*         0x000000000000061e        0x2 
 .text._ZN10ir_Decoder16message_ReceiverEv
                0x0000000000000620       0x64 ir_Decoder.o
                0x0000000000000620                ir_Decoder::message_Receiver()
 .text._ZN10ir_Decoder8xorCheckEj
                0x0000000000000684       0x20 ir_Decoder.o
                0x0000000000000684                ir_Decoder::xorCheck(unsigned int)
 .text._ZN10ir_Decoder12messageCheckEv
                0x00000000000006a4       0x44 ir_Decoder.o
                0x00000000000006a4                ir_Decoder::messageCheck()
 .text._ZN10ir_Decoder10translatorEj
                0x00000000000006e8       0x2c ir_Decoder.o
                0x00000000000006e8                ir_Decoder::translator(unsigned int)
 .text._ZN10ir_Decoder8decodingEv
                0x0000000000000714       0x38 ir_Decoder.o
                0x0000000000000714                ir_Decoder::decoding()
 .text.startup._ZN10ir_Decoder4mainEv
                0x000000000000074c       0x52 ir_Decoder.o
                0x000000000000074c                ir_Decoder::main()
 .text._ZN11ir_ReceiverC2ERN3due6pin_inERNS0_7pin_outES4_
                0x000000000000079e        0xa ir_Receiver.o
                0x000000000000079e                ir_Receiver::ir_Receiver(due::pin_in&, due::pin_out&, due::pin_out&)
                0x000000000000079e                ir_Receiver::ir_Receiver(due::pin_in&, due::pin_out&, due::pin_out&)
 .text._ZN11ir_Receiver16getCurrentSignalEv
                0x00000000000007a8       0x3c ir_Receiver.o
                0x00000000000007a8                ir_Receiver::getCurrentSignal()
 .text._ZN10ir_EncoderC2ER6ir_Led
                0x00000000000007e4       0x8c ir_Encoder.o
                0x00000000000007e4                ir_Encoder::ir_Encoder(ir_Led&)
                0x00000000000007e4                ir_Encoder::ir_Encoder(ir_Led&)
 .text._ZN10ir_Encoder11sendMessageEjj
                0x0000000000000870       0x24 ir_Encoder.o
                0x0000000000000870                ir_Encoder::sendMessage(unsigned int, unsigned int)
 .text._ZN10ir_Encoder8encodingEjj
                0x0000000000000894       0x40 ir_Encoder.o
                0x0000000000000894                ir_Encoder::encoding(unsigned int, unsigned int)
 .text._ZN10ir_Encoder7ir_SendEj
                0x00000000000008d4       0x56 ir_Encoder.o
                0x00000000000008d4                ir_Encoder::ir_Send(unsigned int)
 .text.startup._ZN10ir_Encoder4mainEv
                0x000000000000092a       0x60 ir_Encoder.o
                0x000000000000092a                ir_Encoder::main()
 .text._ZN6ir_LedC2ERN3due8d2_36kHzERNS0_7pin_outE
                0x000000000000098a        0x6 ir_Led.o
                0x000000000000098a                ir_Led::ir_Led(due::d2_36kHz&, due::pin_out&)
                0x000000000000098a                ir_Led::ir_Led(due::d2_36kHz&, due::pin_out&)
 .text._ZN6ir_Led6zetAanEv
                0x0000000000000990       0x2c ir_Led.o
                0x0000000000000990                ir_Led::zetAan()
 .text._ZN6ir_Led6zetUitEv
                0x00000000000009bc       0x2c ir_Led.o
                0x00000000000009bc                ir_Led::zetUit()
 .text._ZN5hwlib21port_direct_from_in_t14number_of_pinsEv
                0x00000000000009e8        0x8 keypad.o
                0x00000000000009e8                hwlib::port_direct_from_in_t::number_of_pins()
 .text._ZN5hwlib21port_direct_from_in_t4readEv
                0x00000000000009f0       0x18 keypad.o
                0x00000000000009f0                hwlib::port_direct_from_in_t::read()
 .text._ZN5hwlib21port_direct_from_in_t7refreshEv
                0x0000000000000a08        0x2 keypad.o
                0x0000000000000a08                hwlib::port_direct_from_in_t::refresh()
 .text._ZN5hwlib21port_direct_from_oc_t14number_of_pinsEv
                0x0000000000000a0a        0x8 keypad.o
                0x0000000000000a0a                hwlib::port_direct_from_oc_t::number_of_pins()
 .text._ZN5hwlib21port_direct_from_oc_t5writeEj
                0x0000000000000a12       0x18 keypad.o
                0x0000000000000a12                hwlib::port_direct_from_oc_t::write(unsigned int)
 .text._ZN5hwlib21port_direct_from_oc_t4readEv
                0x0000000000000a2a       0x18 keypad.o
                0x0000000000000a2a                hwlib::port_direct_from_oc_t::read()
 .text._ZN5hwlib21port_direct_from_oc_t5flushEv
                0x0000000000000a42        0x2 keypad.o
                0x0000000000000a42                hwlib::port_direct_from_oc_t::flush()
 .text._ZN5hwlib21port_direct_from_oc_t7refreshEv
                0x0000000000000a44        0x2 keypad.o
                0x0000000000000a44                hwlib::port_direct_from_oc_t::refresh()
 .text._ZN5hwlib7istream11getc_nowaitEv
                0x0000000000000a46       0x1a keypad.o
                0x0000000000000a46                hwlib::istream::getc_nowait()
 .text._ZN3due6pin_in4readEv
                0x0000000000000a60       0x10 keypad.o
                0x0000000000000a60                due::pin_in::read()
 .text._ZN3due6pin_in7refreshEv
                0x0000000000000a70        0x2 keypad.o
                0x0000000000000a70                due::pin_in::refresh()
 .text._ZN3due6pin_oc4readEv
                0x0000000000000a72       0x10 keypad.o
                0x0000000000000a72                due::pin_oc::read()
 .text._ZN3due6pin_oc5writeEb
                0x0000000000000a82       0x10 keypad.o
                0x0000000000000a82                due::pin_oc::write(bool)
 .text._ZN3due6pin_oc5flushEv
                0x0000000000000a92        0x2 keypad.o
                0x0000000000000a92                due::pin_oc::flush()
 .text._ZN3due6pin_oc7refreshEv
                0x0000000000000a94        0x2 keypad.o
                0x0000000000000a94                due::pin_oc::refresh()
 .text._ZN5hwlib6keypadILi16EE4getcEv
                0x0000000000000a96       0x24 keypad.o
                0x0000000000000a96                hwlib::keypad<16>::getc()
 .text._ZN4rtos7channelIcLi16EE5clearEv
                0x0000000000000aba       0x12 keypad.o
                0x0000000000000aba                rtos::channel<char, 16>::clear()
 .text._ZN5hwlib7ostream6fillerEi
                0x0000000000000acc       0x1a keypad.o
                0x0000000000000acc                hwlib::ostream::filler(int)
 .text._ZN5hwliblsERNS_7ostreamEPKc
                0x0000000000000ae6       0x54 keypad.o
                0x0000000000000ae6                hwlib::operator<<(hwlib::ostream&, char const*)
 *fill*         0x0000000000000b3a        0x2 
 .text._ZN3due6pin_inC2ENS_4pinsE
                0x0000000000000b3c       0x34 keypad.o
                0x0000000000000b3c                due::pin_in::pin_in(due::pins)
                0x0000000000000b3c                due::pin_in::pin_in(due::pins)
 .text._ZN3due6pin_ocC2ENS_4pinsE
                0x0000000000000b70       0x34 keypad.o
                0x0000000000000b70                due::pin_oc::pin_oc(due::pins)
                0x0000000000000b70                due::pin_oc::pin_oc(due::pins)
 .text._ZN6keypadC2ER16parameterControlR4OLED
                0x0000000000000ba4      0x1fc keypad.o
                0x0000000000000ba4                keypad::keypad(parameterControl&, OLED&)
                0x0000000000000ba4                keypad::keypad(parameterControl&, OLED&)
 .text._ZN4rtos7channelIcLi16EE5writeEc
                0x0000000000000da0       0x3c keypad.o
                0x0000000000000da0                rtos::channel<char, 16>::write(char)
 .text._ZN4rtos7channelIcLi16EE4readEv
                0x0000000000000ddc       0x70 keypad.o
                0x0000000000000ddc                rtos::channel<char, 16>::read()
 .text.startup._ZN6keypad4mainEv
                0x0000000000000e4c      0x100 keypad.o
                0x0000000000000e4c                keypad::main()
 .text._ZN5hwlib6keypadILi16EE7pressedEv
                0x0000000000000f4c       0x70 keypad.o
                0x0000000000000f4c                hwlib::keypad<16>::pressed()
 .text._ZN5hwlib6keypadILi16EE14char_availableEv
                0x0000000000000fbc       0x4a keypad.o
                0x0000000000000fbc                hwlib::keypad<16>::char_available()
 .text._ZN5hwlib8terminal10cursor_setENS_2xyE
                0x0000000000001006       0x28 OLED.o
                0x0000000000001006                hwlib::terminal::cursor_set(hwlib::xy)
 .text._ZN5hwlib14i2c_primitives8read_ackEv
                0x000000000000102e       0x10 OLED.o
                0x000000000000102e                hwlib::i2c_primitives::read_ack()
 .text._ZN5hwlib14i2c_primitives9write_ackEv
                0x000000000000103e        0x8 OLED.o
                0x000000000000103e                hwlib::i2c_primitives::write_ack()
 .text._ZN5hwlib14i2c_primitives10write_nackEv
                0x0000000000001046        0x8 OLED.o
                0x0000000000001046                hwlib::i2c_primitives::write_nack()
 .text._ZN5hwlib14i2c_primitives5writeEh
                0x000000000000104e       0x1c OLED.o
                0x000000000000104e                hwlib::i2c_primitives::write(unsigned char)
 .text._ZN5hwlib14i2c_primitives5writeEPKhj
                0x000000000000106a       0x24 OLED.o
                0x000000000000106a                hwlib::i2c_primitives::write(unsigned char const*, unsigned int)
 .text._ZN5hwlib14i2c_primitives9read_byteEv
                0x000000000000108e       0x20 OLED.o
                0x000000000000108e                hwlib::i2c_primitives::read_byte()
 .text._ZN5hwlib14i2c_primitives4readEbPhj
                0x00000000000010ae       0x36 OLED.o
                0x00000000000010ae                hwlib::i2c_primitives::read(bool, unsigned char*, unsigned int)
 .text._ZN5hwlib13window_part_t5flushEv
                0x00000000000010e4        0x8 OLED.o
                0x00000000000010e4                hwlib::window_part_t::flush()
 .text._ZN5hwlib13terminal_from25cursor_set_implementationENS_2xyE
                0x00000000000010ec       0x28 OLED.o
                0x00000000000010ec                hwlib::terminal_from::cursor_set_implementation(hwlib::xy)
 .text._ZN5hwlib13terminal_from5clearEv
                0x0000000000001114       0x30 OLED.o
                0x0000000000001114                hwlib::terminal_from::clear()
 .text._ZN5hwlib13terminal_from5flushEv
                0x0000000000001144        0x8 OLED.o
                0x0000000000001144                hwlib::terminal_from::flush()
 .text._ZNK5hwlib16font_default_8x8ixEc
                0x000000000000114c       0x14 OLED.o
                0x000000000000114c                hwlib::font_default_8x8::operator[](char) const
 .text._ZN5hwlib29glcd_oled_i2c_128x64_buffered20write_implementationENS_2xyENS_5colorE
                0x0000000000001160       0x64 OLED.o
                0x0000000000001160                hwlib::glcd_oled_i2c_128x64_buffered::write_implementation(hwlib::xy, hwlib::color)
 .text._ZN5hwlib8terminal4putcEc
                0x00000000000011c4       0xde OLED.o
                0x00000000000011c4                hwlib::terminal::putc(char)
 .text._ZN5hwlib26i2c_bus_bit_banged_scl_sda16wait_half_periodEv.isra.8
                0x00000000000012a2        0x6 OLED.o
 .text._ZN5hwlib26i2c_bus_bit_banged_scl_sda10write_stopEv
                0x00000000000012a8       0x60 OLED.o
                0x00000000000012a8                hwlib::i2c_bus_bit_banged_scl_sda::write_stop()
 .text._ZN5hwlib26i2c_bus_bit_banged_scl_sda11write_startEv
                0x0000000000001308       0x34 OLED.o
                0x0000000000001308                hwlib::i2c_bus_bit_banged_scl_sda::write_start()
 .text._ZN5hwlib26i2c_bus_bit_banged_scl_sda8read_bitEv
                0x000000000000133c       0x68 OLED.o
                0x000000000000133c                hwlib::i2c_bus_bit_banged_scl_sda::read_bit()
 .text._ZN5hwlib26i2c_bus_bit_banged_scl_sda9write_bitEb
                0x00000000000013a4       0x52 OLED.o
                0x00000000000013a4                hwlib::i2c_bus_bit_banged_scl_sda::write_bit(bool)
 .text._ZN5hwlib6window20clear_implementationENS_5colorE
                0x00000000000013f6       0x7c OLED.o
                0x00000000000013f6                hwlib::window::clear_implementation(hwlib::color)
 .text._ZN5hwlib6window5clearENS_5colorE
                0x0000000000001472       0x56 OLED.o
                0x0000000000001472                hwlib::window::clear(hwlib::color)
 .text._ZN5hwliblsERNS_7ostreamEx
                0x00000000000014c8      0x102 OLED.o
                0x00000000000014c8                hwlib::operator<<(hwlib::ostream&, long long)
 .text._ZN5hwlib21i2c_write_transactionC2ERNS_14i2c_primitivesEj
                0x00000000000015ca       0x24 OLED.o
                0x00000000000015ca                hwlib::i2c_write_transaction::i2c_write_transaction(hwlib::i2c_primitives&, unsigned int)
                0x00000000000015ca                hwlib::i2c_write_transaction::i2c_write_transaction(hwlib::i2c_primitives&, unsigned int)
 .text._ZN5hwlib21i2c_write_transaction5writeEPKhj
                0x00000000000015ee        0x8 OLED.o
                0x00000000000015ee                hwlib::i2c_write_transaction::write(unsigned char const*, unsigned int)
 .text._ZN5hwlib21i2c_write_transactionD2Ev
                0x00000000000015f6       0x18 OLED.o
                0x00000000000015f6                hwlib::i2c_write_transaction::~i2c_write_transaction()
                0x00000000000015f6                hwlib::i2c_write_transaction::~i2c_write_transaction()
 .text._ZN5hwlib6window5writeENS_2xyENS_5colorE
                0x000000000000160e       0x5c OLED.o
                0x000000000000160e                hwlib::window::write(hwlib::xy, hwlib::color)
 .text._ZN5hwlib13window_part_t20write_implementationENS_2xyENS_5colorE
                0x000000000000166a       0x2e OLED.o
                0x000000000000166a                hwlib::window_part_t::write_implementation(hwlib::xy, hwlib::color)
 .text._ZN5hwlib6window5writeENS_2xyERKNS_5imageE
                0x0000000000001698       0x98 OLED.o
                0x0000000000001698                hwlib::window::write(hwlib::xy, hwlib::image const&)
 .text._ZN5hwlib13terminal_from19putc_implementationEc
                0x0000000000001730       0x2e OLED.o
                0x0000000000001730                hwlib::terminal_from::putc_implementation(char)
 .text._ZN5hwlib11ssd1306_i2c7commandENS_16ssd1306_commandsEhh
                0x000000000000175e       0x3c OLED.o
                0x000000000000175e                hwlib::ssd1306_i2c::command(hwlib::ssd1306_commands, unsigned char, unsigned char)
 .text._ZN5hwlib29glcd_oled_i2c_128x64_buffered5flushEv
                0x000000000000179a       0x58 OLED.o
                0x000000000000179a                hwlib::glcd_oled_i2c_128x64_buffered::flush()
 *fill*         0x00000000000017f2        0x2 
 .text._ZN4OLEDC2ERN3due6pin_ocES2_
                0x00000000000017f4      0x304 OLED.o
                0x00000000000017f4                OLED::OLED(due::pin_oc&, due::pin_oc&)
                0x00000000000017f4                OLED::OLED(due::pin_oc&, due::pin_oc&)
 .text._ZN4OLED13write_HitInfoEjjj
                0x0000000000001af8       0x2a OLED.o
                0x0000000000001af8                OLED::write_HitInfo(unsigned int, unsigned int, unsigned int)
 .text._ZN4OLED11write_plrIDEj
                0x0000000000001b22       0x16 OLED.o
                0x0000000000001b22                OLED::write_plrID(unsigned int)
 .text._ZN4OLED14write_wpnPwrIDEj
                0x0000000000001b38       0x16 OLED.o
                0x0000000000001b38                OLED::write_wpnPwrID(unsigned int)
 *fill*         0x0000000000001b4e        0x2 
 .text._ZN4OLED13write_to_OledEjjjjjj
                0x0000000000001b50       0xd0 OLED.o
                0x0000000000001b50                OLED::write_to_Oled(unsigned int, unsigned int, unsigned int, unsigned int, unsigned int, unsigned int)
 .text.startup._ZN4OLED4mainEv
                0x0000000000001c20      0x112 OLED.o
                0x0000000000001c20                OLED::main()
 .text._ZN7triggerC2ERN3due10pin_in_outE
                0x0000000000001d32        0x4 trigger.o
                0x0000000000001d32                trigger::trigger(due::pin_in_out&)
                0x0000000000001d32                trigger::trigger(due::pin_in_out&)
 .text._ZN7trigger11triggerReadEv
                0x0000000000001d36        0x8 trigger.o
                0x0000000000001d36                trigger::triggerRead()
 *fill*         0x0000000000001d3e        0x2 
 .text._ZN14gameInfoEntityC2Ev
                0x0000000000001d40       0x14 gameInfoEntity.o
                0x0000000000001d40                gameInfoEntity::gameInfoEntity()
                0x0000000000001d40                gameInfoEntity::gameInfoEntity()
 .text._ZN14gameInfoEntity8setPlrIDEj
                0x0000000000001d54       0x12 gameInfoEntity.o
                0x0000000000001d54                gameInfoEntity::setPlrID(unsigned int)
 .text._ZN14gameInfoEntity9setWpnPwrEj
                0x0000000000001d66       0x12 gameInfoEntity.o
                0x0000000000001d66                gameInfoEntity::setWpnPwr(unsigned int)
 .text._ZN14gameInfoEntity11setGameTimeEj
                0x0000000000001d78       0x12 gameInfoEntity.o
                0x0000000000001d78                gameInfoEntity::setGameTime(unsigned int)
 .text._ZN14gameInfoEntity8getPlrIDEv
                0x0000000000001d8a        0x4 gameInfoEntity.o
                0x0000000000001d8a                gameInfoEntity::getPlrID()
 .text._ZN14gameInfoEntity9getWpnPwrEv
                0x0000000000001d8e        0x4 gameInfoEntity.o
                0x0000000000001d8e                gameInfoEntity::getWpnPwr()
 .text._ZN14gameInfoEntity11getGameTimeEv
                0x0000000000001d92        0x4 gameInfoEntity.o
                0x0000000000001d92                gameInfoEntity::getGameTime()
 *fill*         0x0000000000001d96        0x2 
 .text          0x0000000000001d98       0x24 switch_to.o
                0x0000000000001d98                switch_from_to
 .text._ZN4rtos8callback6cancelEv
                0x0000000000001dbc        0xa rtos.o
                0x0000000000001dbc                rtos::callback::cancel()
 .text._ZN5hwlib7ostream7reverse10add_prefixERKS0_.part.2
                0x0000000000001dc6       0x4c rtos.o
 .text._ZN5hwlib7ostreamlsEc
                0x0000000000001e12        0xe rtos.o
                0x0000000000001e12                hwlib::ostream::operator<<(char)
 .text._ZN5hwliblsERNS_7ostreamEi
                0x0000000000001e20       0x92 rtos.o
                0x0000000000001e20                hwlib::operator<<(hwlib::ostream&, int)
 .text._ZN5hwliblsERNS_7ostreamEj
                0x0000000000001eb2        0xc rtos.o
                0x0000000000001eb2                hwlib::operator<<(hwlib::ostream&, unsigned int)
 .text._Z6strlenPKc
                0x0000000000001ebe       0x10 rtos.o
                0x0000000000001ebe                strlen(char const*)
 .text._Z6strcpyPcPKc
                0x0000000000001ece       0x14 rtos.o
                0x0000000000001ece                strcpy(char*, char const*)
 .text._Z15string_allocatePKc
                0x0000000000001ee2       0x26 rtos.o
                0x0000000000001ee2                string_allocate(char const*)
 .text._Z12nr_from_maskj
                0x0000000000001f08       0x1a rtos.o
                0x0000000000001f08                nr_from_mask(unsigned int)
 *fill*         0x0000000000001f22        0x2 
 .text._Z15task_trampolinev
                0x0000000000001f24       0x34 rtos.o
                0x0000000000001f24                task_trampoline()
 .text._ZN4rtos9task_base7releaseEv
                0x0000000000001f58       0x24 rtos.o
                0x0000000000001f58                rtos::task_base::release()
 .text._ZN4rtos9task_base7suspendEv
                0x0000000000001f7c        0x8 rtos.o
                0x0000000000001f7c                rtos::task_base::suspend()
 .text._ZN4rtos9task_base6resumeEv
                0x0000000000001f84        0x8 rtos.o
                0x0000000000001f84                rtos::task_base::resume()
 .text._ZN4rtos9task_base7unblockEv
                0x0000000000001f8c       0x14 rtos.o
                0x0000000000001f8c                rtos::task_base::unblock()
 .text._ZN4rtos9task_base5blockEv
                0x0000000000001fa0       0x70 rtos.o
                0x0000000000001fa0                rtos::task_base::block()
 .text._ZNK4rtos9task_base5printERN5hwlib7ostreamEb
                0x0000000000002010      0x154 rtos.o
                0x0000000000002010                rtos::task_base::print(hwlib::ostream&, bool) const
 .text._ZNK4rtos5eventeqERKS0_
                0x0000000000002164       0x3c rtos.o
                0x0000000000002164                rtos::event::operator==(rtos::event const&) const
 .text._ZNK4rtos5eventeqERKNS_8waitableE
                0x00000000000021a0       0x1c rtos.o
                0x00000000000021a0                rtos::event::operator==(rtos::waitable const&) const
 .text._ZNK4rtos5eventplERKS0_
                0x00000000000021bc       0x3c rtos.o
                0x00000000000021bc                rtos::event::operator+(rtos::event const&) const
 .text._ZNK4rtos4flag5printERN5hwlib7ostreamEb
                0x00000000000021f8       0xcc rtos.o
                0x00000000000021f8                rtos::flag::print(hwlib::ostream&, bool) const
 .text._ZN4rtos5timer3setEm
                0x00000000000022c4        0xe rtos.o
                0x00000000000022c4                rtos::timer::set(unsigned long)
 *fill*         0x00000000000022d2        0x2 
 .text._ZNK4rtos5timer5printERN5hwlib7ostreamEb
                0x00000000000022d4       0xd0 rtos.o
                0x00000000000022d4                rtos::timer::print(hwlib::ostream&, bool) const
 .text._ZNK4rtos5clock5printERN5hwlib7ostreamEb
                0x00000000000023a4       0xd4 rtos.o
                0x00000000000023a4                rtos::clock::print(hwlib::ostream&, bool) const
 .text._ZN4rtos12waitable_set17waitable_allocateEv
                0x0000000000002478       0x38 rtos.o
                0x0000000000002478                rtos::waitable_set::waitable_allocate()
 .text._ZN4rtos8waitableC2EPNS_9task_baseEPKc
                0x00000000000024b0       0x2c rtos.o
                0x00000000000024b0                rtos::waitable::waitable(rtos::task_base*, char const*)
                0x00000000000024b0                rtos::waitable::waitable(rtos::task_base*, char const*)
 .text._ZN4rtos12waitable_set3setERKNS_8waitableE
                0x00000000000024dc       0x14 rtos.o
                0x00000000000024dc                rtos::waitable_set::set(rtos::waitable const&)
 .text._ZN4rtos5timer7time_upEv
                0x00000000000024f0       0x10 rtos.o
                0x00000000000024f0                rtos::timer::time_up()
                0x00000000000024fa                non-virtual thunk to rtos::timer::time_up()
 .text._ZN4rtos4flag3setEv
                0x0000000000002500       0x10 rtos.o
                0x0000000000002500                rtos::flag::set()
 .text._ZN4rtos12waitable_set5clearERKNS_8waitableE
                0x0000000000002510        0xc rtos.o
                0x0000000000002510                rtos::waitable_set::clear(rtos::waitable const&)
 .text._ZN4rtos8waitable5clearEv
                0x000000000000251c        0xa rtos.o
                0x000000000000251c                rtos::waitable::clear()
 .text._ZN4rtos5timer6cancelEv
                0x0000000000002526       0x16 rtos.o
                0x0000000000002526                rtos::timer::cancel()
 .text._ZThn16_N4rtos5timer6cancelEv
                0x000000000000253c        0x8 rtos.o
                0x000000000000253c                non-virtual thunk to rtos::timer::cancel()
 .text._ZN4rtos12waitable_set4waitEj
                0x0000000000002544       0x64 rtos.o
                0x0000000000002544                rtos::waitable_set::wait(unsigned int)
 .text._ZNK4rtos5mutex5printERN5hwlib7ostreamEb
                0x00000000000025a8       0xec rtos.o
                0x00000000000025a8                rtos::mutex::print(hwlib::ostream&, bool) const
 .text._ZNK4rtos12channel_base5printERN5hwlib7ostreamEb
                0x0000000000002694       0xe0 rtos.o
                0x0000000000002694                rtos::channel_base::print(hwlib::ostream&, bool) const
 .text._ZNK4rtos9pool_base5printERN5hwlib7ostreamEb
                0x0000000000002774       0x78 rtos.o
                0x0000000000002774                rtos::pool_base::print(hwlib::ostream&, bool) const
 .text._ZNK4rtos12mailbox_base5printERN5hwlib7ostreamEb
                0x00000000000027ec       0xc4 rtos.o
                0x00000000000027ec                rtos::mailbox_base::print(hwlib::ostream&, bool) const
 .text._ZN4rtos3addEPNS_4flagE
                0x00000000000028b0       0x10 rtos.o
                0x00000000000028b0                rtos::add(rtos::flag*)
 .text._ZN4rtos4flagC2EPNS_9task_baseEPKc
                0x00000000000028c0       0x20 rtos.o
                0x00000000000028c0                rtos::flag::flag(rtos::task_base*, char const*)
                0x00000000000028c0                rtos::flag::flag(rtos::task_base*, char const*)
 .text._ZN4rtos3addEPNS_5timerE
                0x00000000000028e0       0x10 rtos.o
                0x00000000000028e0                rtos::add(rtos::timer*)
 .text._ZN4rtos3addEPNS_12channel_baseE
                0x00000000000028f0       0x10 rtos.o
                0x00000000000028f0                rtos::add(rtos::channel_base*)
 .text._ZN4rtos12channel_baseC2EPNS_9task_baseEPKc
                0x0000000000002900       0x30 rtos.o
                0x0000000000002900                rtos::channel_base::channel_base(rtos::task_base*, char const*)
                0x0000000000002900                rtos::channel_base::channel_base(rtos::task_base*, char const*)
 .text._ZN4rtos3addEPNS_9pool_baseE
                0x0000000000002930       0x10 rtos.o
                0x0000000000002930                rtos::add(rtos::pool_base*)
 .text._ZN4rtos9pool_baseC2EPKc
                0x0000000000002940       0x1a rtos.o
                0x0000000000002940                rtos::pool_base::pool_base(char const*)
                0x0000000000002940                rtos::pool_base::pool_base(char const*)
 *fill*         0x000000000000295a        0x2 
 .text._ZN4rtos5printERN5hwlib7ostreamE
                0x000000000000295c      0x1b4 rtos.o
                0x000000000000295c                rtos::print(hwlib::ostream&)
 .text._ZN4rtos4beatEv
                0x0000000000002b10      0x148 rtos.o
                0x0000000000002b10                rtos::beat()
 .text._ZN4rtos3runEv
                0x0000000000002c58       0x20 rtos.o
                0x0000000000002c58                rtos::run()
 .text._ZN4rtos3addEPNS_8callbackE
                0x0000000000002c78       0x10 rtos.o
                0x0000000000002c78                rtos::add(rtos::callback*)
 .text._ZN4rtos8callbackC2EPKc
                0x0000000000002c88       0x28 rtos.o
                0x0000000000002c88                rtos::callback::callback(char const*)
                0x0000000000002c88                rtos::callback::callback(char const*)
 .text._ZN4rtos5timerC2EPNS_9task_baseEPKc
                0x0000000000002cb0       0x34 rtos.o
                0x0000000000002cb0                rtos::timer::timer(rtos::task_base*, char const*)
                0x0000000000002cb0                rtos::timer::timer(rtos::task_base*, char const*)
 .text._ZN4rtos3addEPNS_9task_baseE
                0x0000000000002ce4       0x74 rtos.o
                0x0000000000002ce4                rtos::add(rtos::task_base*)
 .text._ZN4rtos9task_baseC2ER9coroutineILl0EEjPKc
                0x0000000000002d58       0x4c rtos.o
                0x0000000000002d58                rtos::task_base::task_base(coroutine<0l>&, unsigned int, char const*)
                0x0000000000002d58                rtos::task_base::task_base(coroutine<0l>&, unsigned int, char const*)
 .text._ZN5hwlib7wait_usEi
                0x0000000000002da4       0x3c rtos.o
                0x0000000000002da4                hwlib::wait_us(int)
 .text._ZN5hwlib7wait_msEi
                0x0000000000002de0       0x16 rtos.o
                0x0000000000002de0                hwlib::wait_ms(int)
 .text._ZN5hwlib14pin_in_dummy_t4readEv
                0x0000000000002df6        0x4 hwlib.o
                0x0000000000002df6                hwlib::pin_in_dummy_t::read()
 .text._ZN5hwlib14pin_in_dummy_t7refreshEv
                0x0000000000002dfa        0x2 hwlib.o
                0x0000000000002dfa                hwlib::pin_in_dummy_t::refresh()
 .text._ZN5hwlib14pin_oc_dummy_t5writeEb
                0x0000000000002dfc        0x2 hwlib.o
                0x0000000000002dfc                hwlib::pin_oc_dummy_t::write(bool)
 .text._ZN5hwlib14pin_oc_dummy_t4readEv
                0x0000000000002dfe        0x4 hwlib.o
                0x0000000000002dfe                hwlib::pin_oc_dummy_t::read()
 .text._ZN5hwlib14pin_oc_dummy_t5flushEv
                0x0000000000002e02        0x2 hwlib.o
                0x0000000000002e02                hwlib::pin_oc_dummy_t::flush()
 .text._ZN5hwlib14pin_oc_dummy_t7refreshEv
                0x0000000000002e04        0x2 hwlib.o
                0x0000000000002e04                hwlib::pin_oc_dummy_t::refresh()
 .text._ZN5hwlib19port_in_from_pins_t14number_of_pinsEv
                0x0000000000002e06        0x4 hwlib.o
                0x0000000000002e06                hwlib::port_in_from_pins_t::number_of_pins()
 .text._ZN5hwlib19port_in_from_pins_t4readEv
                0x0000000000002e0a       0x2a hwlib.o
                0x0000000000002e0a                hwlib::port_in_from_pins_t::read()
 .text._ZN5hwlib19port_in_from_pins_t7refreshEv
                0x0000000000002e34       0x20 hwlib.o
                0x0000000000002e34                hwlib::port_in_from_pins_t::refresh()
 .text._ZN5hwlib19port_oc_from_pins_t14number_of_pinsEv
                0x0000000000002e54        0x4 hwlib.o
                0x0000000000002e54                hwlib::port_oc_from_pins_t::number_of_pins()
 .text._ZN5hwlib19port_oc_from_pins_t4readEv
                0x0000000000002e58       0x2a hwlib.o
                0x0000000000002e58                hwlib::port_oc_from_pins_t::read()
 .text._ZN5hwlib19port_oc_from_pins_t5writeEj
                0x0000000000002e82       0x28 hwlib.o
                0x0000000000002e82                hwlib::port_oc_from_pins_t::write(unsigned int)
 .text._ZN5hwlib19port_oc_from_pins_t7refreshEv
                0x0000000000002eaa       0x20 hwlib.o
                0x0000000000002eaa                hwlib::port_oc_from_pins_t::refresh()
 .text._ZN5hwlib19port_oc_from_pins_t5flushEv
                0x0000000000002eca       0x20 hwlib.o
                0x0000000000002eca                hwlib::port_oc_from_pins_t::flush()
 .text._ZN5hwlib20cout_using_uart_putc5flushEv
                0x0000000000002eea        0x2 hwlib.o
                0x0000000000002eea                hwlib::cout_using_uart_putc::flush()
 .text._ZNK5hwlib9image_8x819read_implementationENS_2xyE
                0x0000000000002eec       0x44 hwlib.o
                0x0000000000002eec                hwlib::image_8x8::read_implementation(hwlib::xy) const
 .text._ZN5hwlib5panicEPKcj
                0x0000000000002f30        0x2 hwlib.o
                0x0000000000002f30                hwlib::panic(char const*, unsigned int)
 *fill*         0x0000000000002f32        0x2 
 .text._ZN5hwlib10background18do_background_workEv
                0x0000000000002f34       0x3c hwlib.o
                0x0000000000002f34                hwlib::background::do_background_work()
 .text._ZN5hwlib3allENS_2xyE
                0x0000000000002f70       0x16 hwlib.o
                0x0000000000002f70                hwlib::all(hwlib::xy)
 .text._ZNK5hwlib5colorngEv
                0x0000000000002f86       0x2e hwlib.o
                0x0000000000002f86                hwlib::color::operator-() const
 .text._ZN5hwlib12port_in_fromERNS_6pin_inES1_S1_S1_S1_S1_S1_S1_S1_S1_S1_S1_S1_S1_S1_S1_
                0x0000000000002fb4       0x68 hwlib.o
                0x0000000000002fb4                hwlib::port_in_from(hwlib::pin_in&, hwlib::pin_in&, hwlib::pin_in&, hwlib::pin_in&, hwlib::pin_in&, hwlib::pin_in&, hwlib::pin_in&, hwlib::pin_in&, hwlib::pin_in&, hwlib::pin_in&, hwlib::pin_in&, hwlib::pin_in&, hwlib::pin_in&, hwlib::pin_in&, hwlib::pin_in&, hwlib::pin_in&)
 .text._ZN5hwlib12port_oc_fromERNS_6pin_ocES1_S1_S1_S1_S1_S1_S1_S1_S1_S1_S1_S1_S1_S1_S1_
                0x000000000000301c       0x68 hwlib.o
                0x000000000000301c                hwlib::port_oc_from(hwlib::pin_oc&, hwlib::pin_oc&, hwlib::pin_oc&, hwlib::pin_oc&, hwlib::pin_oc&, hwlib::pin_oc&, hwlib::pin_oc&, hwlib::pin_oc&, hwlib::pin_oc&, hwlib::pin_oc&, hwlib::pin_oc&, hwlib::pin_oc&, hwlib::pin_oc&, hwlib::pin_oc&, hwlib::pin_oc&, hwlib::pin_oc&)
 .text._ZNK5hwlib5image4readENS_2xyE
                0x0000000000003084       0x3a hwlib.o
                0x0000000000003084                hwlib::image::read(hwlib::xy) const
 .text._ZNK5hwlib14image_invert_t19read_implementationENS_2xyE
                0x00000000000030be       0x64 hwlib.o
                0x00000000000030be                hwlib::image_invert_t::read_implementation(hwlib::xy) const
 *fill*         0x0000000000003122        0x2 
 .text._ZN5hwlib6invertERKNS_5imageE
                0x0000000000003124       0x18 hwlib.o
                0x0000000000003124                hwlib::invert(hwlib::image const&)
 .text._ZN3due9uart_initEv
                0x000000000000313c       0x60 hwlib.o
                0x000000000000313c                due::uart_init()
 .text._ZN3due9uart_putcEc
                0x000000000000319c       0x20 hwlib.o
                0x000000000000319c                due::uart_putc(char)
 .text._ZN5hwlib20cout_using_uart_putc4putcEc
                0x00000000000031bc        0xa hwlib.o
                0x00000000000031bc                hwlib::cout_using_uart_putc::putc(char)
 .text._ZN5hwlib6now_usEv
                0x00000000000031c6       0x1c hwlib.o
                0x00000000000031c6                hwlib::now_us()
 .text._ZN5hwlib12wait_us_busyEi
                0x00000000000031e2       0x1c hwlib.o
                0x00000000000031e2                hwlib::wait_us_busy(int)
 .text._ZN3due7pin_out5writeEb
                0x00000000000031fe        0xe main.o
                0x00000000000031fe                due::pin_out::write(bool)
 .text._ZN3due7pin_out5flushEv
                0x000000000000320c        0x2 main.o
                0x000000000000320c                due::pin_out::flush()
 .text._ZN3due10pin_in_out19direction_set_inputEv
                0x000000000000320e        0x8 main.o
                0x000000000000320e                due::pin_in_out::direction_set_input()
 .text._ZN3due10pin_in_out4readEv
                0x0000000000003216       0x10 main.o
                0x0000000000003216                due::pin_in_out::read()
 .text._ZN3due10pin_in_out20direction_set_outputEv
                0x0000000000003226        0x8 main.o
                0x0000000000003226                due::pin_in_out::direction_set_output()
 .text._ZN3due10pin_in_out5writeEb
                0x000000000000322e        0xe main.o
                0x000000000000322e                due::pin_in_out::write(bool)
 .text._ZN3due10pin_in_out5flushEv
                0x000000000000323c        0x2 main.o
                0x000000000000323c                due::pin_in_out::flush()
 .text._ZN3due10pin_in_out7refreshEv
                0x000000000000323e        0x2 main.o
                0x000000000000323e                due::pin_in_out::refresh()
 .text._ZN3due10pin_in_out15direction_flushEv
                0x0000000000003240        0x2 main.o
                0x0000000000003240                due::pin_in_out::direction_flush()
 *fill*         0x0000000000003242        0x2 
 .text._ZN3due8d2_36kHz5writeEb
                0x0000000000003244       0x18 main.o
                0x0000000000003244                due::d2_36kHz::write(bool)
 .text._ZN3due8d2_36kHz5flushEv
                0x000000000000325c        0x2 main.o
                0x000000000000325c                due::d2_36kHz::flush()
 *fill*         0x000000000000325e        0x2 
 .text._ZN3due7pin_outC2ENS_4pinsE
                0x0000000000003260       0x34 main.o
                0x0000000000003260                due::pin_out::pin_out(due::pins)
                0x0000000000003260                due::pin_out::pin_out(due::pins)
 .text.startup.main
                0x0000000000003294      0x1c8 main.o
                0x0000000000003294                main
 .text.__startup
                0x000000000000345c       0x48 bmptk_cortex.o
                0x000000000000345c                __startup
 .text.__cxa_pure_virtual
                0x00000000000034a4        0x2 bmptk_cortex.o
                0x00000000000034a4                __cxa_pure_virtual
 *fill*         0x00000000000034a6        0x2 
 .text.malloc   0x00000000000034a8       0x24 bmptk_heap_bmptk.o
                0x00000000000034a8                malloc
 .text          0x00000000000034cc       0xa0 /usr/bin/../lib/gcc/arm-none-eabi/7.3.1/thumb/v7-m/libgcc.a(_aeabi_ldivmod.o)
                0x00000000000034cc                __aeabi_ldivmod
 .text          0x000000000000356c       0x30 /usr/bin/../lib/gcc/arm-none-eabi/7.3.1/thumb/v7-m/libgcc.a(_aeabi_uldivmod.o)
                0x000000000000356c                __aeabi_uldivmod
 .text          0x000000000000359c      0x2d0 /usr/bin/../lib/gcc/arm-none-eabi/7.3.1/thumb/v7-m/libgcc.a(_udivmoddi4.o)
                0x000000000000359c                __udivmoddi4
 .text          0x000000000000386c        0x4 /usr/bin/../lib/gcc/arm-none-eabi/7.3.1/thumb/v7-m/libgcc.a(_dvmd_tls.o)
                0x000000000000386c                __aeabi_ldiv0
                0x0000000000003870                . = ALIGN (0x4)
 *(.glue_7t .glue_7)
 .glue_7        0x0000000000003870        0x0 linker stubs
 .glue_7t       0x0000000000003870        0x0 linker stubs
                0x0000000000003870                . = ALIGN (0x4)
 *(.rodata .rodata.* .gnu.linkonce.r.*)
 .rodata._ZN11gameControl4mainEv.str1.1
                0x0000000000003870       0x33 gameControl.o
 .rodata._ZN11gameControlC2ER10ir_EncoderR4OLEDR7triggerR14gameInfoEntity.str1.1
                0x00000000000038a3       0x48 gameControl.o
 .rodata._ZN3due8pin_infoENS_4pinsE.str1.1
                0x00000000000038eb       0x33 gameControl.o
 *fill*         0x000000000000391e        0x2 
 .rodata._ZTV11gameControl
                0x0000000000003920       0x14 gameControl.o
                0x0000000000003920                vtable for gameControl
 .rodata._ZZN3due8pin_infoENS_4pinsEE14pin_info_array
                0x0000000000003934       0xa4 gameControl.o
 .rodata._ZN16parameterControl4mainEv.str1.1
                0x00000000000039d8       0x15 parameterControl.o
 .rodata._ZN16parameterControlC2ER11gameControlR14gameInfoEntity.str1.1
                0x00000000000039ed       0x11 parameterControl.o
 *fill*         0x00000000000039fe        0x2 
 .rodata._ZTV16parameterControl
                0x0000000000003a00       0x14 parameterControl.o
                0x0000000000003a00                vtable for parameterControl
 .rodata._ZN10ir_DecoderC2ER16parameterControlR11gameControlR11ir_Receiver.str1.1
                0x0000000000003a14       0x1f ir_Decoder.o
 *fill*         0x0000000000003a33        0x1 
 .rodata._ZTV10ir_Decoder
                0x0000000000003a34       0x14 ir_Decoder.o
                0x0000000000003a34                vtable for ir_Decoder
 .rodata._ZN10ir_EncoderC2ER6ir_Led.str1.1
                0x0000000000003a48       0x27 ir_Encoder.o
 *fill*         0x0000000000003a6f        0x1 
 .rodata._ZTV10ir_Encoder
                0x0000000000003a70       0x14 ir_Encoder.o
                0x0000000000003a70                vtable for ir_Encoder
 .rodata._ZTVN5hwlib21port_direct_from_in_tE
                0x0000000000003a84       0x14 keypad.o
                0x0000000000003a84                vtable for hwlib::port_direct_from_in_t
 .rodata._ZTVN5hwlib21port_direct_from_oc_tE
                0x0000000000003a98       0x1c keypad.o
                0x0000000000003a98                vtable for hwlib::port_direct_from_oc_t
 .rodata._ZTVN3due6pin_inE
                0x0000000000003ab4       0x10 keypad.o
                0x0000000000003ab4                vtable for due::pin_in
 .rodata._ZTVN3due6pin_ocE
                0x0000000000003ac4       0x18 keypad.o
                0x0000000000003ac4                vtable for due::pin_oc
 .rodata._ZTVN5hwlib6keypadILi16EEE
                0x0000000000003adc       0x14 keypad.o
                0x0000000000003adc                vtable for hwlib::keypad<16>
 .rodata._ZTVN4rtos7channelIcLi16EEE
                0x0000000000003af0        0xc keypad.o
                0x0000000000003af0                vtable for rtos::channel<char, 16>
 .rodata._ZN4rtos7channelIcLi16EE4readEv.str1.1
                0x0000000000003afc       0x32 keypad.o
                                         0x34 (size before relaxing)
 .rodata._ZN6keypadC2ER16parameterControlR4OLED.str1.1
                0x0000000000003b2e       0x23 keypad.o
 *fill*         0x0000000000003b51        0x3 
 .rodata._ZTV6keypad
                0x0000000000003b54       0x14 keypad.o
                0x0000000000003b54                vtable for keypad
 .rodata._ZTVN5hwlib26i2c_bus_bit_banged_scl_sdaE
                0x0000000000003b68       0x34 OLED.o
                0x0000000000003b68                vtable for hwlib::i2c_bus_bit_banged_scl_sda
 .rodata._ZTVN5hwlib13window_part_tE
                0x0000000000003b9c       0x18 OLED.o
                0x0000000000003b9c                vtable for hwlib::window_part_t
 .rodata._ZTVN5hwlib13terminal_fromE
                0x0000000000003bb4       0x20 OLED.o
                0x0000000000003bb4                vtable for hwlib::terminal_from
 .rodata._ZTVN5hwlib16font_default_8x8E
                0x0000000000003bd4        0xc OLED.o
                0x0000000000003bd4                vtable for hwlib::font_default_8x8
 .rodata._ZTVN5hwlib29glcd_oled_i2c_128x64_bufferedE
                0x0000000000003be0       0x18 OLED.o
                0x0000000000003be0                vtable for hwlib::glcd_oled_i2c_128x64_buffered
 .rodata._ZN4OLED13write_to_OledEjjjjjj.str1.1
                0x0000000000003bf8       0x36 OLED.o
                                         0x38 (size before relaxing)
 .rodata._ZN4OLEDC2ERN3due6pin_ocES2_.str1.1
                0x0000000000003c2e       0x51 OLED.o
 .rodata._ZN5hwlibL11unspecifiedE
                0x0000000000003c7f        0x4 OLED.o
 .rodata._ZN5hwlibL22ssd1306_initializationE
                0x0000000000003c83       0x29 OLED.o
 .rodata._ZTV4OLED
                0x0000000000003cac       0x14 OLED.o
                0x0000000000003cac                vtable for OLED
 .rodata._ZN14gameInfoEntityC2Ev.str1.1
                0x0000000000003cc0       0x10 gameInfoEntity.o
 .rodata._ZTVN4rtos8waitableE
                0x0000000000003cd0        0xc rtos.o
                0x0000000000003cd0                vtable for rtos::waitable
 .rodata._ZTVN4rtos4flagE
                0x0000000000003cdc        0xc rtos.o
                0x0000000000003cdc                vtable for rtos::flag
 .rodata._ZTVN4rtos8callbackE
                0x0000000000003ce8       0x10 rtos.o
                0x0000000000003ce8                vtable for rtos::callback
 .rodata._ZTVN4rtos12channel_baseE
                0x0000000000003cf8        0xc rtos.o
                0x0000000000003cf8                vtable for rtos::channel_base
 .rodata._Z15task_trampolinev.str1.1
                0x0000000000003d04       0x2e rtos.o
 .rodata._ZN4rtos12waitable_set17waitable_allocateEv.str1.1
                0x0000000000003d32       0x1b rtos.o
 .rodata._ZN4rtos3addEPNS_9task_baseE.str1.1
                0x0000000000003d4d       0x2e rtos.o
 .rodata._ZN4rtos4beatEv.str1.1
                0x0000000000003d7b       0x3e rtos.o
 .rodata._ZN4rtos5printERN5hwlib7ostreamE.str1.1
                0x0000000000003db9       0x83 rtos.o
 .rodata._ZN4rtos9task_base5blockEv.str1.1
                0x0000000000003e3c       0x37 rtos.o
                                         0x4b (size before relaxing)
 .rodata._ZN4rtos9task_baseC2ER9coroutineILl0EEjPKc.str1.1
                0x0000000000003e73        0x8 rtos.o
 .rodata._ZNK4rtos12channel_base5printERN5hwlib7ostreamEb.str1.1
                0x0000000000003e7b       0x23 rtos.o
 .rodata._ZNK4rtos12mailbox_base5printERN5hwlib7ostreamEb.str1.1
                0x0000000000003e9e       0x1b rtos.o
 .rodata._ZNK4rtos4flag5printERN5hwlib7ostreamEb.str1.1
                0x0000000000003eb9       0x1e rtos.o
 .rodata._ZNK4rtos5clock5printERN5hwlib7ostreamEb.str1.1
                0x0000000000003ed7       0x1d rtos.o
 .rodata._ZNK4rtos5eventeqERKS0_.str1.1
                0x0000000000003ef4       0x21 rtos.o
 .rodata._ZNK4rtos5eventplERKS0_.str1.1
                0x0000000000003f15       0x1e rtos.o
 .rodata._ZNK4rtos5mutex5printERN5hwlib7ostreamEb.str1.1
                0x0000000000003f33       0x29 rtos.o
 .rodata._ZNK4rtos5timer5printERN5hwlib7ostreamEb.str1.1
                0x0000000000003f5c       0x13 rtos.o
 .rodata._ZNK4rtos9pool_base5printERN5hwlib7ostreamEb.str1.1
                0x0000000000003f6f       0x10 rtos.o
 .rodata._ZNK4rtos9task_base5printERN5hwlib7ostreamEb.str1.1
                0x0000000000003f7f       0x39 rtos.o
 .rodata._ZTVN4rtos5timerE
                0x0000000000003fb8       0x24 rtos.o
                0x0000000000003fb8                vtable for rtos::timer
 .rodata._ZTVN4rtos9task_baseE
                0x0000000000003fdc       0x14 rtos.o
                0x0000000000003fdc                vtable for rtos::task_base
 .rodata._ZTVN5hwlib14pin_in_dummy_tE
                0x0000000000003ff0       0x10 hwlib.o
                0x0000000000003ff0                vtable for hwlib::pin_in_dummy_t
 .rodata._ZTVN5hwlib14pin_oc_dummy_tE
                0x0000000000004000       0x18 hwlib.o
                0x0000000000004000                vtable for hwlib::pin_oc_dummy_t
 .rodata._ZTVN5hwlib19port_in_from_pins_tE
                0x0000000000004018       0x14 hwlib.o
                0x0000000000004018                vtable for hwlib::port_in_from_pins_t
 .rodata._ZTVN5hwlib19port_oc_from_pins_tE
                0x000000000000402c       0x1c hwlib.o
                0x000000000000402c                vtable for hwlib::port_oc_from_pins_t
 .rodata._ZTVN5hwlib20cout_using_uart_putcE
                0x0000000000004048       0x10 hwlib.o
                0x0000000000004048                vtable for hwlib::cout_using_uart_putc
 .rodata._ZTVN5hwlib9image_8x8E
                0x0000000000004058        0xc hwlib.o
                0x0000000000004058                vtable for hwlib::image_8x8
 .rodata._ZTVN5hwlib14image_invert_tE
                0x0000000000004064        0xc hwlib.o
                0x0000000000004064                vtable for hwlib::image_invert_t
 .rodata._ZN5hwlib16font_default_8x86imagesE
                0x0000000000004070      0xa00 hwlib.o
                0x0000000000004070                hwlib::font_default_8x8::images
 .rodata._ZN5hwlibL5blackE
                0x0000000000004a70        0x4 hwlib.o
 .rodata._ZN5hwlibL5whiteE
                0x0000000000004a74        0x4 hwlib.o
 .rodata._ZTVN3due7pin_outE
                0x0000000000004a78       0x10 main.o
                0x0000000000004a78                vtable for due::pin_out
 .rodata._ZTVN3due10pin_in_outE
                0x0000000000004a88       0x24 main.o
                0x0000000000004a88                vtable for due::pin_in_out
 .rodata._ZTVN3due8d2_36kHzE
                0x0000000000004aac       0x10 main.o
                0x0000000000004aac                vtable for due::d2_36kHz
 .rodata._ZN4rtos9task_baseD2Ev.str1.1
                0x0000000000004abc       0x17 main.o
                                         0x2b (size before relaxing)
 .rodata.main.str1.1
                0x0000000000004ad3       0x1a main.o
                0x0000000000004af0                . = ALIGN (0x4)
 *fill*         0x0000000000004aed        0x3 
 *(.ARM.extab* .gnu.linkonce.armextab.*)
                0x0000000000004af0                . = ALIGN (0x4)
 *(.gcc_except_table)
                0x0000000000004af0                . = ALIGN (0x4)
 *(.eh_frame_hdr)
                0x0000000000004af0                . = ALIGN (0x4)
 *(.eh_frame)
                0x0000000000004af0                . = ALIGN (0x4)
                0x0000000000004af0                __text_end = .
                [!provide]                        PROVIDE (__text_end = __text_end)

.vfp11_veneer   0x0000000000004af0        0x0
 .vfp11_veneer  0x0000000000004af0        0x0 linker stubs

.v4_bx          0x0000000000004af0        0x0
 .v4_bx         0x0000000000004af0        0x0 linker stubs

.iplt           0x0000000000004af0        0x0
 .iplt          0x0000000000004af0        0x0 gameControl.o

.IF_YOU_SEE_THIS_YOU_HAVE_ONE_OR_MORE_GLOBAL_OBJECT_CONSTRUCTORS
 *(.init)
 *(.preinit_array)
 *(SORT_BY_NAME(.init_array.*))
 *(.init_array)
                0x0000000000004af0                . = ALIGN (0x4)
                0x0000000000004af0                __exidx_start = .
                [!provide]                        PROVIDE (__exidx_start = __exidx_start)

.ARM.exidx      0x0000000000004af0        0x8
 *(.ARM.exidx* .gnu.linkonce.armexidx.*)
 .ARM.exidx     0x0000000000004af0        0x8 /usr/bin/../lib/gcc/arm-none-eabi/7.3.1/thumb/v7-m/libgcc.a(_udivmoddi4.o)

.rel.dyn        0x0000000000004af8        0x0
 .rel.iplt      0x0000000000004af8        0x0 gameControl.o
                0x0000000000004af8                . = ALIGN (0x4)
                0x0000000000004af8                __exidx_end = .
                [!provide]                        PROVIDE (__exidx_end = __exidx_end)

.bss            0x0000000020000000    0x1409c
                0x0000000020000000                . = ALIGN (0x4)
                0x0000000020000000                __stack_start = .
                [!provide]                        PROVIDE (__stack_start = __stack_start)
                0x0000000020000000                . = ALIGN (0x4)
 *(.bmptk_stack)
 .bmptk_stack   0x0000000020000000    0x14000 bmptk_fixed_size_stack.o
                0x0000000020000000                bmptk_stack
                0x0000000020014000                . = ALIGN (0x8)
                0x0000000020014000                __main_stack_end = .
                [!provide]                        PROVIDE (__main_stack_end = __main_stack_end)
                0x0000000020014000                . = ALIGN (0x4)
                0x0000000020014000                __stack_end = .
                [!provide]                        PROVIDE (__stack_end = __stack_end)
                0x0000000020014000                . = ALIGN (0x4)
                0x0000000020014000                __bss_start = .
                [!provide]                        PROVIDE (__bss_start = __bss_start)
                0x0000000020014000                . = ALIGN (0x4)
 *(.bss .bss.* .gnu.linkonce.b.*)
 .bss._ZZN3due9now_ticksEvE4high
                0x0000000020014000        0x8 gameControl.o
 .bss._ZZN3due9now_ticksEvE8last_low
                0x0000000020014008        0x4 gameControl.o
 .bss._ZZN3due9now_ticksEvE9init_done
                0x000000002001400c        0x1 gameControl.o
 *fill*         0x000000002001400d        0x3 
 .bss.array     0x0000000020014010       0x40 ir_Decoder.o
                0x0000000020014010                array
 .bss._ZN17coroutine_context7main_spE
                0x0000000020014050        0x4 coroutine.o
                0x0000000020014050                coroutine_context::main_sp
 .bss._ZN4rtos10must_clearE
                0x0000000020014054        0x1 rtos.o
                0x0000000020014054                rtos::must_clear
 *fill*         0x0000000020014055        0x3 
 .bss._ZN4rtos17rtos_current_taskE
                0x0000000020014058        0x4 rtos.o
                0x0000000020014058                rtos::rtos_current_task
 .bss._ZN4rtos17scheduler_runningE
                0x000000002001405c        0x1 rtos.o
                0x000000002001405c                rtos::scheduler_running
 *fill*         0x000000002001405d        0x3 
 .bss._ZN4rtos5flagsE
                0x0000000020014060        0x4 rtos.o
                0x0000000020014060                rtos::flags
 .bss._ZN4rtos5poolsE
                0x0000000020014064        0x4 rtos.o
                0x0000000020014064                rtos::pools
 .bss._ZN4rtos6clocksE
                0x0000000020014068        0x4 rtos.o
                0x0000000020014068                rtos::clocks
 .bss._ZN4rtos6timersE
                0x000000002001406c        0x4 rtos.o
                0x000000002001406c                rtos::timers
 .bss._ZN4rtos7mutexesE
                0x0000000020014070        0x4 rtos.o
                0x0000000020014070                rtos::mutexes
 .bss._ZN4rtos8channelsE
                0x0000000020014074        0x4 rtos.o
                0x0000000020014074                rtos::channels
 .bss._ZN4rtos8taskListE
                0x0000000020014078        0x4 rtos.o
                0x0000000020014078                rtos::taskList
 .bss._ZN4rtos9mailboxesE
                0x000000002001407c        0x4 rtos.o
                0x000000002001407c                rtos::mailboxes
 .bss._ZN4rtos9timerListE
                0x0000000020014080        0x4 rtos.o
                0x0000000020014080                rtos::timerList
 *fill*         0x0000000020014084        0x4 
 .bss.last_run_time
                0x0000000020014088        0x8 rtos.o
                0x0000000020014088                last_run_time
 .bss._ZN5hwlib10background5firstE
                0x0000000020014090        0x4 hwlib.o
                0x0000000020014090                hwlib::background::first
 .bss._ZN5hwlib10background7currentE
                0x0000000020014094        0x4 hwlib.o
                0x0000000020014094                hwlib::background::current
 .bss._ZN5hwlib10background7runningE
                0x0000000020014098        0x1 hwlib.o
                0x0000000020014098                hwlib::background::running
 .bss._ZZN3due9uart_initEvE9init_done
                0x0000000020014099        0x1 hwlib.o
                0x000000002001409c                . = ALIGN (0x4)
 *fill*         0x000000002001409a        0x2 
 *(COMMON)
                0x000000002001409c                . = ALIGN (0x4)
                0x000000002001409c                __bss_end = .
                [!provide]                        PROVIDE (__bss_end = __bss_end)

.data           0x000000002001409c       0x34 load address 0x0000000000004af8
                0x000000002001409c                . = ALIGN (0x4)
                0x0000000000004af8                __data_init_start = LOADADDR (.data)
                [!provide]                        PROVIDE (__data_init_start = __data_init_start)
                0x000000002001409c                __data_start = .
                [!provide]                        PROVIDE (__data_start = __data_start)
                0x000000002001409c                . = ALIGN (0x4)
 *(.data .data.* .gnu.linkonce.d.*)
 .data._ZN6sam3xa15SystemCoreClockE
                0x000000002001409c        0x4 gameControl.o
                0x000000002001409c                sam3xa::SystemCoreClock
 .data.keyA     0x00000000200140a0        0x1 keypad.o
                0x00000000200140a0                keyA
 .data.keyB     0x00000000200140a1        0x1 keypad.o
                0x00000000200140a1                keyB
 *fill*         0x00000000200140a2        0x2 
 .data._ZN17coroutine_context24current_coroutine_sp_ptrE
                0x00000000200140a4        0x4 coroutine.o
                0x00000000200140a4                coroutine_context::current_coroutine_sp_ptr
 .data._ZN3due7hw_uartE
                0x00000000200140a8        0x4 hwlib.o
                0x00000000200140a8                due::hw_uart
 .data._ZN5hwlib12pin_in_dummyE
                0x00000000200140ac        0x4 hwlib.o
                0x00000000200140ac                hwlib::pin_in_dummy
 .data._ZN5hwlib12pin_oc_dummyE
                0x00000000200140b0        0x4 hwlib.o
                0x00000000200140b0                hwlib::pin_oc_dummy
 .data._ZN5hwlib4coutE
                0x00000000200140b4       0x14 hwlib.o
                0x00000000200140b4                hwlib::cout
 .data._first_free
                0x00000000200140c8        0x4 bmptk_heap_bmptk.o
                0x00000000200140c8                _first_free
 .data._last_free
                0x00000000200140cc        0x4 bmptk_heap_bmptk.o
                0x00000000200140cc                _last_free
                0x00000000200140d0                . = ALIGN (0x4)
                0x00000000200140d0                __data_end = .
                [!provide]                        PROVIDE (__data_end = __data_end)
                0x0000000000004af8                __data_init_end = LOADADDR (.data)
                [!provide]                        PROVIDE (__data_init_end = __data_init_end)
                [!provide]                        PROVIDE (__data_size = (__data_end - __data_start))
                [!provide]                        PROVIDE (__data_init_size = __data_size)
                [!provide]                        PROVIDE (__data_init_end = (__data_init_start + __data_init_size))

.igot.plt       0x00000000200140d0        0x0 load address 0x0000000000004b2c
 .igot.plt      0x00000000200140d0        0x0 gameControl.o
                0x00000000200140d0                . = ALIGN (0x4)
                0x00000000200140d0                __heap_start = .
                [!provide]                        PROVIDE (__heap_start = __heap_start)
                0x00000000200140d0                . = ALIGN (0x4)
                0x0000000020018000                __heap_end = __ram_end
                [!provide]                        PROVIDE (__heap_end = __heap_end)

.stab
 *(.stab)

.stabstr
 *(.stabstr)

.debug
 *(.debug)

.line
 *(.line)

.debug_srcinfo
 *(.debug_srcinfo)

.debug_sfnames
 *(.debug_sfnames)

.debug_aranges
 *(.debug_aranges)

.debug_pubnames
 *(.debug_pubnames)

.debug_info
 *(.debug_info .gnu.linkonce.wi.*)

.debug_abbrev
 *(.debug_abbrev)

.debug_line
 *(.debug_line)

.debug_frame    0x0000000000000000       0xa4
 *(.debug_frame)
 .debug_frame   0x0000000000000000       0x44 /usr/bin/../lib/gcc/arm-none-eabi/7.3.1/thumb/v7-m/libgcc.a(_aeabi_ldivmod.o)
 .debug_frame   0x0000000000000044       0x2c /usr/bin/../lib/gcc/arm-none-eabi/7.3.1/thumb/v7-m/libgcc.a(_aeabi_uldivmod.o)
 .debug_frame   0x0000000000000070       0x34 /usr/bin/../lib/gcc/arm-none-eabi/7.3.1/thumb/v7-m/libgcc.a(_udivmoddi4.o)

.comment        0x0000000000000000       0x7f
 .comment       0x0000000000000000       0x7f gameControl.o
                                         0x80 (size before relaxing)
 .comment       0x000000000000007f       0x80 parameterControl.o
 .comment       0x000000000000007f       0x80 ir_Decoder.o
 .comment       0x000000000000007f       0x80 ir_Receiver.o
 .comment       0x000000000000007f       0x80 ir_Encoder.o
 .comment       0x000000000000007f       0x80 ir_Led.o
 .comment       0x000000000000007f       0x80 keypad.o
 .comment       0x000000000000007f       0x80 OLED.o
 .comment       0x000000000000007f       0x80 trigger.o
 .comment       0x000000000000007f       0x80 gameInfoEntity.o
 .comment       0x000000000000007f       0x80 coroutine.o
 .comment       0x000000000000007f       0x80 rtos.o
 .comment       0x000000000000007f       0x80 hwlib.o
 .comment       0x000000000000007f       0x80 main.o
 .comment       0x000000000000007f       0x80 bmptk_cortex.o
 .comment       0x000000000000007f       0x80 bmptk_heap_bmptk.o
 .comment       0x000000000000007f       0x80 bmptk_fixed_size_stack.o

.debug_str
 *(.debug_str)

.debug_loc
 *(.debug_loc)

.debug_macinfo
 *(.debug_macinfo)

.debug_weaknames
 *(.debug_weaknames)

.debug_funcnames
 *(.debug_funcnames)

.debug_typenames
 *(.debug_typenames)

.debug_varnames
 *(.debug_varnames)

.note.gnu.arm.ident
 *(.note.gnu.arm.ident)

.ARM.attributes
                0x0000000000000000       0x31
 *(.ARM.attributes)
 .ARM.attributes
                0x0000000000000000       0x33 gameControl.o
 .ARM.attributes
                0x0000000000000033       0x33 parameterControl.o
 .ARM.attributes
                0x0000000000000066       0x33 ir_Decoder.o
 .ARM.attributes
                0x0000000000000099       0x33 ir_Receiver.o
 .ARM.attributes
                0x00000000000000cc       0x33 ir_Encoder.o
 .ARM.attributes
                0x00000000000000ff       0x33 ir_Led.o
 .ARM.attributes
                0x0000000000000132       0x33 keypad.o
 .ARM.attributes
                0x0000000000000165       0x33 OLED.o
 .ARM.attributes
                0x0000000000000198       0x33 trigger.o
 .ARM.attributes
                0x00000000000001cb       0x33 gameInfoEntity.o
 .ARM.attributes
                0x00000000000001fe       0x21 switch_to.o
 .ARM.attributes
                0x000000000000021f       0x33 coroutine.o
 .ARM.attributes
                0x0000000000000252       0x33 rtos.o
 .ARM.attributes
                0x0000000000000285       0x33 hwlib.o
 .ARM.attributes
                0x00000000000002b8       0x33 main.o
 .ARM.attributes
                0x00000000000002eb       0x33 bmptk_cortex.o
 .ARM.attributes
                0x000000000000031e       0x33 bmptk_heap_bmptk.o
 .ARM.attributes
                0x0000000000000351       0x33 bmptk_fixed_size_stack.o
 .ARM.attributes
                0x0000000000000384       0x1d /usr/bin/../lib/gcc/arm-none-eabi/7.3.1/thumb/v7-m/libgcc.a(_aeabi_ldivmod.o)
 .ARM.attributes
                0x00000000000003a1       0x1d /usr/bin/../lib/gcc/arm-none-eabi/7.3.1/thumb/v7-m/libgcc.a(_aeabi_uldivmod.o)
 .ARM.attributes
                0x00000000000003be       0x2d /usr/bin/../lib/gcc/arm-none-eabi/7.3.1/thumb/v7-m/libgcc.a(_udivmoddi4.o)
 .ARM.attributes
                0x00000000000003eb       0x1d /usr/bin/../lib/gcc/arm-none-eabi/7.3.1/thumb/v7-m/libgcc.a(_dvmd_tls.o)

/DISCARD/
 *(.note.GNU-stack)
                [!provide]                        PROVIDE (__text_size = (__text_end - __text_start))
                [!provide]                        PROVIDE (__exidx_size = (__exidx_end - __exidx_start))
                [!provide]                        PROVIDE (__bss_size = (__bss_end - __bss_start))
                [!provide]                        PROVIDE (__stack_size = (__stack_end - __stack_start))
                [!provide]                        PROVIDE (__heap_size = (__heap_end - __heap_start))
OUTPUT(main.elf elf32-littlearm)
